// Jest Snapshot v1, https://goo.gl/fbAQLP

exports[`Pruebas en SearchScren debe de mostrar a batman y el input con el valor del query string 1`] = `
<div>
  <h1>
    SeachScreen
  </h1>
  <hr />
  <div
    className="row"
  >
    <div
      className="col-5"
    >
      <h4>
        Search Form
      </h4>
      <hr />
      <form
        onSubmit={[Function]}
      >
        <input
          autoComplete="off"
          className="form-control"
          name="searchString"
          onChange={[Function]}
          placeholder="Find your Hero"
          type="text"
          value="batman"
        />
        <button
          className="btn btn-primary mt-2"
          type="submit"
        >
          Search
        </button>
      </form>
    </div>
    <div
      className="col-7"
    >
      <h4>
        Results
      </h4>
      <hr />
      <div
        className="col"
      >
        <div
          className="card"
        >
          <img
            alt="..."
            className="card-img-top"
            src="./assets/heroes/dc-batman.jpg"
          />
          <div
            className="card-body"
          >
            <h5
              className="card-title"
            >
              Batman
            </h5>
            <p
              className="card-text"
            >
              Bruce Wayne
               
              <a
                href="/hero/dc-batman"
                onClick={[Function]}
              >
                Ver MÃ¡s
              </a>
            </p>
          </div>
        </div>
      </div>
    </div>
  </div>
</div>
`;

exports[`Pruebas en SearchScren debe de mostrarse correctamente con valores por defecto 1`] = `
<div>
  <h1>
    SeachScreen
  </h1>
  <hr />
  <div
    className="row"
  >
    <div
      className="col-5"
    >
      <h4>
        Search Form
      </h4>
      <hr />
      <form
        onSubmit={[Function]}
      >
        <input
          autoComplete="off"
          className="form-control"
          name="searchString"
          onChange={[Function]}
          placeholder="Find your Hero"
          type="text"
          value=""
        />
        <button
          className="btn btn-primary mt-2"
          type="submit"
        >
          Search
        </button>
      </form>
    </div>
    <div
      className="col-7"
    >
      <h4>
        Results
      </h4>
      <hr />
      <div
        className="alert alert-info"
      >
        Search a hero
      </div>
    </div>
  </div>
</div>
`;

exports[`Pruebas en SearchScren debe de mostrarse correctamente con valores por defecto: Search a hero 1`] = `"Search a hero"`;
